Requirement already satisfied: google-genai in C:\Users\╫₧╫á╫ö╫£\AppData\Local\Programs\Python\Python314\Lib\site-packages (2.10.0)
Requirement already satisfied: python-dotenv in C:\Users\╫₧╫á╫ö╫£\AppData\Local\Programs\Python\Python314\Lib\site-packages (1.2.2)
Requirement already satisfied: flask in C:\Users\╫₧╫á╫ö╫£\AppData\Local\Programs\Python\Python314\Lib\site-packages (3.1.3)
Requirement already satisfied: flask-cors in C:\Users\╫₧╫á╫ö╫£\AppData\Local\Programs\Python\Python314\Lib\site-packages (6.0.5)
Requirement already satisfied: anyio<5.0.0,>=4.8.0 in C:\Users\╫₧╫á╫ö╫£\AppData\Local\Programs\Python\Python314\Lib\site-packages (from google-genai) (4.13.0)
Requirement already satisfied: google-auth<3.0.0,>=2.48.1 in C:\Users\╫₧╫á╫ö╫£\AppData\Local\Programs\Python\Python314\Lib\site-packages (from google-auth[requests]<3.0.0,>=2.48.1->google-genai) (2.55.2)
Requirement already satisfied: httpx<1.0.0,>=0.28.1 in C:\Users\╫₧╫á╫ö╫£\AppData\Local\Programs\Python\Python314\Lib\site-packages (from google-genai) (0.28.1)
Requirement already satisfied: pydantic<3.0.0,>=2.12.5 in C:\Users\╫₧╫á╫ö╫£\AppData\Local\Programs\Python\Python314\Lib\site-packages (from google-genai) (2.13.4)
Requirement already satisfied: requests<3.0.0,>=2.28.1 in C:\Users\╫₧╫á╫ö╫£\AppData\Local\Programs\Python\Python314\Lib\site-packages (from google-genai) (2.34.2)
Requirement already satisfied: tenacity<9.2.0,>=8.2.3 in C:\Users\╫₧╫á╫ö╫£\AppData\Local\Programs\Python\Python314\Lib\site-packages (from google-genai) (9.1.4)
Requirement already satisfied: websockets<17.0,>=13.0.0 in C:\Users\╫₧╫á╫ö╫£\AppData\Local\Programs\Python\Python314\Lib\site-packages (from google-genai) (16.0)
Requirement already satisfied: typing-extensions<5.0.0,>=4.14.0 in C:\Users\╫₧╫á╫ö╫£\AppData\Local\Programs\Python\Python314\Lib\site-packages (from google-genai) (4.15.0)
Requirement already satisfied: distro<2,>=1.7.0 in C:\Users\╫₧╫á╫ö╫£\AppData\Local\Programs\Python\Python314\Lib\site-packages (from google-genai) (1.9.0)
Requirement already satisfied: sniffio in C:\Users\╫₧╫á╫ö╫£\AppData\Local\Programs\Python\Python314\Lib\site-packages (from google-genai) (1.3.1)
Requirement already satisfied: idna>=2.8 in C:\Users\╫₧╫á╫ö╫£\AppData\Local\Programs\Python\Python314\Lib\site-packages (from anyio<5.0.0,>=4.8.0->google-genai) (3.13)
Requirement already satisfied: pyasn1-modules>=0.2.1 in C:\Users\╫₧╫á╫ö╫£\AppData\Local\Programs\Python\Python314\Lib\site-packages (from google-auth<3.0.0,>=2.48.1->google-auth[requests]<3.0.0,>=2.48.1->google-genai) (0.4.2)
Requirement already satisfied: cryptography>=38.0.3 in C:\Users\╫₧╫á╫ö╫£\AppData\Local\Programs\Python\Python314\Lib\site-packages (from google-auth<3.0.0,>=2.48.1->google-auth[requests]<3.0.0,>=2.48.1->google-genai) (49.0.0)
Requirement already satisfied: certifi in C:\Users\╫₧╫á╫ö╫£\AppData\Local\Programs\Python\Python314\Lib\site-packages (from httpx<1.0.0,>=0.28.1->google-genai) (2026.4.22)
Requirement already satisfied: httpcore==1.* in C:\Users\╫₧╫á╫ö╫£\AppData\Local\Programs\Python\Python314\Lib\site-packages (from httpx<1.0.0,>=0.28.1->google-genai) (1.0.9)
Requirement already satisfied: h11>=0.16 in C:\Users\╫₧╫á╫ö╫£\AppData\Local\Programs\Python\Python314\Lib\site-packages (from httpcore==1.*->httpx<1.0.0,>=0.28.1->google-genai) (0.16.0)
Requirement already satisfied: annotated-types>=0.6.0 in C:\Users\╫₧╫á╫ö╫£\AppData\Local\Programs\Python\Python314\Lib\site-packages (from pydantic<3.0.0,>=2.12.5->google-genai) (0.7.0)
Requirement already satisfied: pydantic-core==2.46.4 in C:\Users\╫₧╫á╫ö╫£\AppData\Local\Programs\Python\Python314\Lib\site-packages (from pydantic<3.0.0,>=2.12.5->google-genai) (2.46.4)
Requirement already satisfied: typing-inspection>=0.4.2 in C:\Users\╫₧╫á╫ö╫£\AppData\Local\Programs\Python\Python314\Lib\site-packages (from pydantic<3.0.0,>=2.12.5->google-genai) (0.4.2)
Requirement already satisfied: charset_normalizer<4,>=2 in C:\Users\╫₧╫á╫ö╫£\AppData\Local\Programs\Python\Python314\Lib\site-packages (from requests<3.0.0,>=2.28.1->google-genai) (3.4.7)
Requirement already satisfied: urllib3<3,>=1.26 in C:\Users\╫₧╫á╫ö╫£\AppData\Local\Programs\Python\Python314\Lib\site-packages (from requests<3.0.0,>=2.28.1->google-genai) (2.7.0)
Requirement already satisfied: blinker>=1.9.0 in C:\Users\╫₧╫á╫ö╫£\AppData\Local\Programs\Python\Python314\Lib\site-packages (from flask) (1.9.0)
Requirement already satisfied: click>=8.1.3 in C:\Users\╫₧╫á╫ö╫£\AppData\Local\Programs\Python\Python314\Lib\site-packages (from flask) (8.4.2)
Requirement already satisfied: itsdangerous>=2.2.0 in C:\Users\╫₧╫á╫ö╫£\AppData\Local\Programs\Python\Python314\Lib\site-packages (from flask) (2.2.0)
Requirement already satisfied: jinja2>=3.1.2 in C:\Users\╫₧╫á╫ö╫£\AppData\Local\Programs\Python\Python314\Lib\site-packages (from flask) (3.1.6)
Requirement already satisfied: markupsafe>=2.1.1 in C:\Users\╫₧╫á╫ö╫£\AppData\Local\Programs\Python\Python314\Lib\site-packages (from flask) (3.0.3)
Requirement already satisfied: werkzeug>=3.1.0 in C:\Users\╫₧╫á╫ö╫£\AppData\Local\Programs\Python\Python314\Lib\site-packages (from flask) (3.1.8)
Requirement already satisfied: colorama in C:\Users\╫₧╫á╫ö╫£\AppData\Roaming\Python\Python314\site-packages (from click>=8.1.3->flask) (0.4.6)
Requirement already satisfied: cffi>=2.0.0 in C:\Users\╫₧╫á╫ö╫£\AppData\Local\Programs\Python\Python314\Lib\site-packages (from cryptography>=38.0.3->google-auth<3.0.0,>=2.48.1->google-auth[requests]<3.0.0,>=2.48.1->google-genai) (2.1.0)
Requirement already satisfied: pycparser in C:\Users\╫₧╫á╫ö╫£\AppData\Local\Programs\Python\Python314\Lib\site-packages (from cffi>=2.0.0->cryptography>=38.0.3->google-auth<3.0.0,>=2.48.1->google-auth[requests]<3.0.0,>=2.48.1->google-genai) (3.0)
Requirement already satisfied: pyasn1<0.7.0,>=0.6.1 in C:\Users\╫₧╫á╫ö╫£\AppData\Local\Programs\Python\Python314\Lib\site-packages (from pyasn1-modules>=0.2.1->google-auth<3.0.0,>=2.48.1->google-auth[requests]<3.0.0,>=2.48.1->google-genai) (0.6.3)
python : 
At C:\Users\מנהל\AppData\Local\Temp\ps-script-c6737421-8fc4-4b83-a053-d76506488e2e.ps1:83 char:32
+ ... NG='utf-8'; python -m pip install google-genai python-dotenv flask fl ...
+                 ~~~~~~~~~~~~~~~~~~~~~~~~~~~~~~~~~~~~~~~~~~~~~~~~~~~~~~~~~
    + CategoryInfo          : NotSpecified: (:String) [], RemoteException
    + FullyQualifiedErrorId : NativeCommandError
 
[notice] A new release of pip is available: 26.0.1 -> 26.1.2
[notice] To update, run: python.exe -m pip install --upgrade pip
